=== RUN   TestMakeRequestSuccess
--- PASS: TestMakeRequestSuccess (0.00s)
=== RUN   TestMakeRequestConnectionRefused
    client_test.go:44: expected 'connection refused', got "Get \"http://127.0.0.1:9999\": dial tcp 127.0.0.1:9999: connectex: No connection could be made because the target machine actively refused it."
--- FAIL: TestMakeRequestConnectionRefused (0.00s)
=== RUN   TestMakeRequestNoSuchHost
--- PASS: TestMakeRequestNoSuchHost (1.29s)
=== RUN   TestRunMultipleExecutesNTimes
--- PASS: TestRunMultipleExecutesNTimes (0.00s)
=== RUN   TestRunMultipleCollectsResults
--- PASS: TestRunMultipleCollectsResults (0.00s)
=== RUN   TestRunMultipleEachRequestGetsOwnTimeout
--- PASS: TestRunMultipleEachRequestGetsOwnTimeout (0.25s)
=== RUN   TestMakeRequestTimeoutExceeded
--- PASS: TestMakeRequestTimeoutExceeded (0.50s)
=== RUN   TestRunMultipleTimeoutExceeded
--- PASS: TestRunMultipleTimeoutExceeded (0.60s)
FAIL
FAIL	github.com/infraspecdev/goperf/internal/httpclient	3.246s
FAIL
